------------------------------------------------------------
Timing Analyzer Summary
------------------------------------------------------------

Type  : Slow 1100mV 85C Model Setup 'CLOCK_50'
Slack : -2.550
TNS   : -278.153

Type  : Slow 1100mV 85C Model Hold 'CLOCK_50'
Slack : 0.351
TNS   : 0.000

Type  : Slow 1100mV 85C Model Minimum Pulse Width 'CLOCK_50'
Slack : -0.394
TNS   : -86.089

Type  : Slow 1100mV 0C Model Setup 'CLOCK_50'
Slack : -2.493
TNS   : -273.047

Type  : Slow 1100mV 0C Model Hold 'CLOCK_50'
Slack : 0.329
TNS   : 0.000

Type  : Slow 1100mV 0C Model Minimum Pulse Width 'CLOCK_50'
Slack : -0.394
TNS   : -77.991

Type  : Fast 1100mV 85C Model Setup 'CLOCK_50'
Slack : -0.991
TNS   : -98.555

Type  : Fast 1100mV 85C Model Hold 'CLOCK_50'
Slack : 0.181
TNS   : 0.000

Type  : Fast 1100mV 85C Model Minimum Pulse Width 'CLOCK_50'
Slack : -0.399
TNS   : -57.181

Type  : Fast 1100mV 0C Model Setup 'CLOCK_50'
Slack : -0.838
TNS   : -82.121

Type  : Fast 1100mV 0C Model Hold 'CLOCK_50'
Slack : 0.174
TNS   : 0.000

Type  : Fast 1100mV 0C Model Minimum Pulse Width 'CLOCK_50'
Slack : -0.435
TNS   : -68.366

------------------------------------------------------------
